]0;/stor/home/iy647/Website]0;iy647@educcomp03: ~/Website[01;32miy647@educcomp03[00m:[01;34m~/Website[00m$ [K]0;iy647@educcomp03: ~/Website[01;32miy647@educcomp03[00m:[01;34m~/Website[00m$ git --version
git version 2.17.1
]0;/stor/home/iy647/Website]0;iy647@educcomp03: ~/Website[01;32miy647@educcomp03[00m:[01;34m~/Website[00m$ git [K[K[K[Kgit init
Initialized empty Git repository in /stor/home/iy647/Website/.git/
]0;/stor/home/iy647/Website]0;iy647@educcomp03: ~/Website[01;32miy647@educcomp03[00m:[01;34m~/Website[00m$ git add .
]0;/stor/home/iy647/Website]0;iy647@educcomp03: ~/Website[01;32miy647@educcomp03[00m:[01;34m~/Website[00m$ git commit -m "first website commit"
[master (root-commit) 079b589] first website commit
 Committer: Ivana Ye <iy647@educcomp03.ccbb.utexas.edu>
Your name and email address were configured automatically based
on your username and hostname. Please check that they are accurate.
You can suppress this message by setting them explicitly. Run the
following command and follow the instructions in your editor to edit
your configuration file:

    git config --global --edit

After doing this, you may fix the identity used for this commit with:

    git commit --amend --reset-author

 166 files changed, 15349 insertions(+)
 create mode 100644 .Rproj.user/ABAAD89A/console06/BDE30A57
 create mode 100644 .Rproj.user/ABAAD89A/console06/BDE30A57.env
 create mode 100644 .Rproj.user/ABAAD89A/console06/INDEX001
 create mode 100644 .Rproj.user/ABAAD89A/sources/prop/1EBEB0A1
 create mode 100644 .Rproj.user/ABAAD89A/sources/prop/3DE0B41E
 create mode 100644 .Rproj.user/ABAAD89A/sources/prop/4AFF0ED9
 create mode 100644 .Rproj.user/ABAAD89A/sources/prop/4BF72CFA
 create mode 100644 .Rproj.user/ABAAD89A/sources/prop/618DBA9A
 create mode 100644 .Rproj.user/ABAAD89A/sources/prop/9DE45B26
 create mode 100644 .Rproj.user/ABAAD89A/sources/prop/A868B29D
 create mode 100644 .Rproj.user/ABAAD89A/sources/prop/ED605415
 create mode 100644 .Rproj.user/ABAAD89A/sources/prop/INDEX
 create mode 100644 .Rproj.user/ABAAD89A/sources/s-d8058242/27FDEE9F
 create mode 100644 .Rproj.user/ABAAD89A/sources/s-d8058242/27FDEE9F-contents
 create mode 100644 .Rproj.user/ABAAD89A/sources/s-d8058242/4051DD8A
 create mode 100644 .Rproj.user/ABAAD89A/sources/s-d8058242/4051DD8A-contents
 create mode 100644 .Rproj.user/ABAAD89A/sources/s-d8058242/51B2FC52
 create mode 100644 .Rproj.user/ABAAD89A/sources/s-d8058242/51B2FC52-contents
 create mode 100644 .Rproj.user/ABAAD89A/sources/s-d8058242/6BAFF06C
 create mode 100644 .Rproj.user/ABAAD89A/sources/s-d8058242/6BAFF06C-contents
 create mode 100644 .Rproj.user/ABAAD89A/sources/s-d8058242/894C87C4
 create mode 100644 .Rproj.user/ABAAD89A/sources/s-d8058242/894C87C4-contents
 create mode 100644 .Rproj.user/ABAAD89A/sources/s-d8058242/91A9C49D
 create mode 100644 .Rproj.user/ABAAD89A/sources/s-d8058242/91A9C49D-contents
 create mode 100644 .Rproj.user/ABAAD89A/sources/s-d8058242/B39CEC7D
 create mode 100644 .Rproj.user/ABAAD89A/sources/s-d8058242/B39CEC7D-contents
 create mode 100644 .Rproj.user/ABAAD89A/sources/s-d8058242/BD124AB1-contents
 create mode 100644 .Rproj.user/ABAAD89A/sources/s-d8058242/CEEB8395
 create mode 100644 .Rproj.user/ABAAD89A/sources/s-d8058242/CEEB8395-contents
 create mode 100644 .Rproj.user/ABAAD89A/sources/s-d8058242/E7A3F6D8-contents
 create mode 100644 .Rproj.user/ABAAD89A/sources/s-d8058242/lock_file
 create mode 100644 .Rproj.user/shared/notebooks/patch-chunk-names
 create mode 100644 .Rproj.user/shared/notebooks/paths
 create mode 100644 Website.Rproj
 create mode 100644 config.toml
 create mode 100644 content/blog/2015-07-23-r-rmarkdown.Rmd
 create mode 100644 content/blog/2015-07-23-r-rmarkdown.html
 create mode 100644 content/blog/creating-a-new-theme.md
 create mode 100644 content/blog/goisforlovers.md
 create mode 100644 content/blog/hugoisforlovers.md
 create mode 100644 content/blog/migrate-from-jekyll.md
 create mode 100644 content/global_mortality.xlsx
 create mode 100644 content/project1.Rmd
 create mode 100644 content/project1.html
 create mode 100644 content/project2.Rmd
 create mode 100644 content/project2.html
 create mode 100644 content/projects.md
 create mode 100644 content/week13_alcohol_global.csv
 create mode 100644 index.Rmd
 create mode 100644 public/404.html
 create mode 100644 public/blog/2015-07-23-r-rmarkdown.Rmd
 create mode 100644 public/blog/2015-07-23-r-rmarkdown/index.html
 create mode 100644 public/blog/2015-07-23-r-rmarkdown_files/figure-html/pie-1.png
 create mode 100644 public/blog/creating-a-new-theme/index.html
 create mode 100644 public/blog/goisforlovers/index.html
 create mode 100644 public/blog/hugoisforlovers/index.html
 create mode 100644 public/blog/index.html
 create mode 100644 public/blog/index.xml
 create mode 100644 public/blog/migrate-from-jekyll/index.html
 create mode 100644 public/categories/development/index.html
 create mode 100644 public/categories/development/index.xml
 create mode 100644 public/categories/golang/index.html
 create mode 100644 public/categories/golang/index.xml
 create mode 100644 public/categories/index.html
 create mode 100644 public/categories/index.xml
 create mode 100644 public/categories/projects/index.html
 create mode 100644 public/categories/projects/index.xml
 create mode 100644 public/categories/r/index.html
 create mode 100644 public/categories/r/index.xml
 create mode 100644 public/css/main.css
 create mode 100644 public/global_mortality.xlsx
 create mode 100644 public/img/IMG_6129.jpg
 create mode 100644 public/img/profile.png
 create mode 100644 public/index.html
 create mode 100644 public/index.xml
 create mode 100644 public/js/docs.min.js
 create mode 100644 public/js/ie10-viewport-bug-workaround.js
 create mode 100644 public/js/main.js
 create mode 100644 public/project1.Rmd
 create mode 100644 public/project1/index.html
 create mode 100644 public/project1_files/figure-html/unnamed-chunk-6-1.png
 create mode 100644 public/project1_files/figure-html/unnamed-chunk-6-2.png
 create mode 100644 public/project1_files/figure-html/unnamed-chunk-6-3.png
 create mode 100644 public/project1_files/figure-html/unnamed-chunk-7-1.png
 create mode 100644 public/project1_files/figure-html/unnamed-chunk-7-2.png
 create mode 100644 public/project2.Rmd
 create mode 100644 public/project2/index.html
 create mode 100644 public/project2_files/figure-html/unnamed-chunk-1-1.png
 create mode 100644 public/project2_files/figure-html/unnamed-chunk-1-2.png
 create mode 100644 public/project2_files/figure-html/unnamed-chunk-1-3.png
 create mode 100644 public/project2_files/figure-html/unnamed-chunk-2-1.png
 create mode 100644 public/project2_files/figure-html/unnamed-chunk-3-1.png
 create mode 100644 public/project2_files/figure-html/unnamed-chunk-5-1.png
 create mode 100644 public/project2_files/figure-html/unnamed-chunk-5-2.png
 create mode 100644 public/projects/index.html
 create mode 100644 public/resume  .pdf
 create mode 100644 public/resume.pdf
 create mode 100644 public/sitemap.xml
 create mode 100644 public/tags/development/index.html
 create mode 100644 public/tags/development/index.xml
 create mode 100644 public/tags/go/index.html
 create mode 100644 public/tags/go/index.xml
 create mode 100644 public/tags/golang/index.html
 create mode 100644 public/tags/golang/index.xml
 create mode 100644 public/tags/hugo/index.html
 create mode 100644 public/tags/hugo/index.xml
 create mode 100644 public/tags/index.html
 create mode 100644 public/tags/index.xml
 create mode 100644 public/tags/plot/index.html
 create mode 100644 public/tags/plot/index.xml
 create mode 100644 public/tags/projects/index.html
 create mode 100644 public/tags/projects/index.xml
 create mode 100644 public/tags/r-markdown/index.html
 create mode 100644 public/tags/r-markdown/index.xml
 create mode 100644 public/tags/regression/index.html
 create mode 100644 public/tags/regression/index.xml
 create mode 100644 public/tags/templates/index.html
 create mode 100644 public/tags/templates/index.xml
 create mode 100644 public/tags/themes/index.html
 create mode 100644 public/tags/themes/index.xml
 create mode 100644 public/week13_alcohol_global.csv
 create mode 100644 static/blog/2015-07-23-r-rmarkdown_files/figure-html/pie-1.png
 create mode 100644 static/img/IMG_6129.jpg
 create mode 100644 static/img/profile.png
 create mode 100644 static/project1_files/figure-html/unnamed-chunk-6-1.png
 create mode 100644 static/project1_files/figure-html/unnamed-chunk-6-2.png
 create mode 100644 static/project1_files/figure-html/unnamed-chunk-6-3.png
 create mode 100644 static/project1_files/figure-html/unnamed-chunk-7-1.png
 create mode 100644 static/project1_files/figure-html/unnamed-chunk-7-2.png
 create mode 100644 static/project2_files/figure-html/unnamed-chunk-1-1.png
 create mode 100644 static/project2_files/figure-html/unnamed-chunk-1-2.png
 create mode 100644 static/project2_files/figure-html/unnamed-chunk-1-3.png
 create mode 100644 static/project2_files/figure-html/unnamed-chunk-2-1.png
 create mode 100644 static/project2_files/figure-html/unnamed-chunk-3-1.png
 create mode 100644 static/project2_files/figure-html/unnamed-chunk-5-1.png
 create mode 100644 static/project2_files/figure-html/unnamed-chunk-5-2.png
 create mode 100644 static/resume.pdf
 create mode 100644 themes/hugo-sustain/LICENSE.md
 create mode 100644 themes/hugo-sustain/README.md
 create mode 100644 themes/hugo-sustain/archetypes/default.md
 create mode 100644 themes/hugo-sustain/exampleSite/config.toml
 create mode 100644 themes/hugo-sustain/exampleSite/content/blog/creating-a-new-theme.md
 create mode 100644 themes/hugo-sustain/exampleSite/content/blog/goisforlovers.md
 create mode 100644 themes/hugo-sustain/exampleSite/content/blog/hugoisforlovers.md
 create mode 100644 themes/hugo-sustain/exampleSite/content/blog/migrate-from-jekyll.md
 create mode 100644 themes/hugo-sustain/exampleSite/content/projects.md
 create mode 100644 themes/hugo-sustain/exampleSite/data/projects.yml
 create mode 100644 themes/hugo-sustain/exampleSite/static/img/profile.png
 create mode 100644 themes/hugo-sustain/images/screenshot.png
 create mode 100644 themes/hugo-sustain/images/tn.png
 create mode 100644 themes/hugo-sustain/layouts/404.html
 create mode 100644 themes/hugo-sustain/layouts/_default/list.html
 create mode 100644 themes/hugo-sustain/layouts/_default/projects.html
 create mode 100644 themes/hugo-sustain/layouts/_default/single.html
 create mode 100644 themes/hugo-sustain/layouts/index.html
 create mode 100644 themes/hugo-sustain/layouts/partials/disqus.html
 create mode 100644 themes/hugo-sustain/layouts/partials/footer.html
 create mode 100644 themes/hugo-sustain/layouts/partials/head.html
 create mode 100644 themes/hugo-sustain/layouts/partials/header.html
 create mode 100644 themes/hugo-sustain/layouts/partials/js.html
 create mode 100644 themes/hugo-sustain/layouts/partials/social.html
 create mode 100644 themes/hugo-sustain/static/css/main.css
 create mode 100644 themes/hugo-sustain/static/js/docs.min.js
 create mode 100644 themes/hugo-sustain/static/js/ie10-viewport-bug-workaround.js
 create mode 100644 themes/hugo-sustain/static/js/main.js
 create mode 100644 themes/hugo-sustain/theme.toml
]0;/stor/home/iy647/Website]0;iy647@educcomp03: ~/Website[01;32miy647@educcomp03[00m:[01;34m~/Website[00m$ git remote add origin https://github.com/ivaanaye/Website.git
]0;/stor/home/iy647/Website]0;iy647@educcomp03: ~/Website[01;32miy647@educcomp03[00m:[01;34m~/Website[00m$ push [K[K[K[K[Kgit push origina [K[K master
Username for 'https://github.com': ivanaye
Password for 'https://ivanaye@github.com': 
Counting objects: 191, done.
Delta compression using up to 32 threads.
Compressing objects:   0% (1/168)   Compressing objects:   1% (2/168)   Compressing objects:   2% (4/168)   Compressing objects:   3% (6/168)   Compressing objects:   4% (7/168)   Compressing objects:   5% (9/168)   Compressing objects:   6% (11/168)   Compressing objects:   7% (12/168)   Compressing objects:   8% (14/168)   Compressing objects:   9% (16/168)   Compressing objects:  10% (17/168)   Compressing objects:  11% (19/168)   Compressing objects:  12% (21/168)   Compressing objects:  13% (22/168)   Compressing objects:  14% (24/168)   Compressing objects:  15% (26/168)   Compressing objects:  16% (27/168)   Compressing objects:  17% (29/168)   Compressing objects:  18% (31/168)   Compressing objects:  19% (32/168)   Compressing objects:  20% (34/168)   Compressing objects:  21% (36/168)   Compressing objects:  22% (37/168)   Compressing objects:  23% (39/168)   Compressing objects:  24% (41/168)   Compressing objects:  25% (42/168)   Compressing objects:  26% (44/168)   Compressing objects:  27% (46/168)   Compressing objects:  28% (48/168)   Compressing objects:  29% (49/168)   Compressing objects:  30% (51/168)   Compressing objects:  31% (53/168)   Compressing objects:  32% (54/168)   Compressing objects:  33% (56/168)   Compressing objects:  34% (58/168)   Compressing objects:  35% (59/168)   Compressing objects:  36% (61/168)   Compressing objects:  37% (63/168)   Compressing objects:  38% (64/168)   Compressing objects:  39% (66/168)   Compressing objects:  40% (68/168)   Compressing objects:  41% (69/168)   Compressing objects:  42% (71/168)   Compressing objects:  43% (73/168)   Compressing objects:  44% (74/168)   Compressing objects:  45% (76/168)   Compressing objects:  46% (78/168)   Compressing objects:  47% (79/168)   Compressing objects:  48% (81/168)   Compressing objects:  49% (83/168)   Compressing objects:  50% (84/168)   Compressing objects:  51% (86/168)   Compressing objects:  52% (88/168)   Compressing objects:  53% (90/168)   Compressing objects:  54% (91/168)   Compressing objects:  55% (93/168)   Compressing objects:  56% (95/168)   Compressing objects:  57% (96/168)   Compressing objects:  58% (98/168)   Compressing objects:  59% (100/168)   Compressing objects:  60% (101/168)   Compressing objects:  61% (103/168)   Compressing objects:  62% (105/168)   Compressing objects:  63% (106/168)   Compressing objects:  64% (108/168)   Compressing objects:  65% (110/168)   Compressing objects:  66% (111/168)   Compressing objects:  67% (113/168)   Compressing objects:  68% (115/168)   Compressing objects:  69% (116/168)   Compressing objects:  70% (118/168)   Compressing objects:  71% (120/168)   Compressing objects:  72% (121/168)   Compressing objects:  73% (123/168)   Compressing objects:  74% (125/168)   Compressing objects:  75% (126/168)   Compressing objects:  76% (128/168)   Compressing objects:  77% (130/168)   Compressing objects:  78% (132/168)   Compressing objects:  79% (133/168)   Compressing objects:  80% (135/168)   Compressing objects:  81% (137/168)   Compressing objects:  82% (138/168)   Compressing objects:  83% (140/168)   Compressing objects:  84% (142/168)   Compressing objects:  85% (143/168)   Compressing objects:  86% (145/168)   Compressing objects:  87% (147/168)   Compressing objects:  88% (148/168)   Compressing objects:  89% (150/168)   Compressing objects:  90% (152/168)   Compressing objects:  91% (153/168)   Compressing objects:  92% (155/168)   Compressing objects:  93% (157/168)   Compressing objects:  94% (158/168)   Compressing objects:  95% (160/168)   Compressing objects:  96% (162/168)   Compressing objects:  97% (163/168)   Compressing objects:  98% (165/168)   Compressing objects:  99% (167/168)   Compressing objects: 100% (168/168)   Compressing objects: 100% (168/168), done.
Writing objects:   0% (1/191)   Writing objects:   1% (2/191)   Writing objects:   2% (4/191)   Writing objects:   3% (6/191)   Writing objects:   4% (8/191)   Writing objects:   5% (10/191)   Writing objects:   6% (12/191)   Writing objects:   7% (14/191)   Writing objects:   8% (16/191)   Writing objects:   9% (18/191)   Writing objects:  10% (20/191)   Writing objects:  11% (22/191)   Writing objects:  12% (23/191)   Writing objects:  13% (25/191)   Writing objects:  14% (27/191)   Writing objects:  15% (29/191)   Writing objects:  16% (31/191)   Writing objects:  17% (33/191)   Writing objects:  18% (35/191)   Writing objects:  19% (37/191)   Writing objects:  20% (39/191)   Writing objects:  21% (41/191)   Writing objects:  22% (43/191)   Writing objects:  23% (44/191)   Writing objects:  24% (46/191)   Writing objects:  25% (48/191)   Writing objects:  26% (50/191)   Writing objects:  27% (52/191), 2.69 MiB | 5.22 MiB/s   Writing objects:  28% (54/191), 2.69 MiB | 5.22 MiB/s   Writing objects:  29% (56/191), 2.69 MiB | 5.22 MiB/s   Writing objects:  30% (58/191), 2.69 MiB | 5.22 MiB/s   Writing objects:  31% (60/191), 2.69 MiB | 5.22 MiB/s   Writing objects:  32% (63/191), 2.69 MiB | 5.22 MiB/s   Writing objects:  33% (64/191), 2.69 MiB | 5.22 MiB/s   Writing objects:  34% (65/191), 2.69 MiB | 5.22 MiB/s   Writing objects:  35% (67/191), 2.69 MiB | 5.22 MiB/s   Writing objects:  36% (69/191), 2.69 MiB | 5.22 MiB/s   Writing objects:  37% (71/191), 2.69 MiB | 5.22 MiB/s   Writing objects:  39% (75/191), 2.69 MiB | 5.22 MiB/s   Writing objects:  40% (77/191), 2.69 MiB | 5.22 MiB/s   Writing objects:  41% (79/191), 2.69 MiB | 5.22 MiB/s   Writing objects:  42% (81/191), 2.69 MiB | 5.22 MiB/s   Writing objects:  43% (83/191), 2.69 MiB | 5.22 MiB/s   Writing objects:  44% (85/191), 2.69 MiB | 5.22 MiB/s   Writing objects:  46% (88/191), 2.69 MiB | 5.22 MiB/s   Writing objects:  47% (90/191), 2.69 MiB | 5.22 MiB/s   Writing objects:  48% (92/191), 2.69 MiB | 5.22 MiB/s   Writing objects:  49% (94/191), 2.69 MiB | 5.22 MiB/s   Writing objects:  50% (97/191), 2.69 MiB | 5.22 MiB/s   Writing objects:  51% (98/191), 2.69 MiB | 5.22 MiB/s   Writing objects:  52% (100/191), 2.69 MiB | 5.22 MiB/s   Writing objects:  53% (102/191), 2.69 MiB | 5.22 MiB/s   Writing objects:  54% (104/191), 2.69 MiB | 5.22 MiB/s   Writing objects:  55% (106/191), 2.69 MiB | 5.22 MiB/s   Writing objects:  56% (107/191), 2.69 MiB | 5.22 MiB/s   Writing objects:  57% (109/191), 2.69 MiB | 5.22 MiB/s   Writing objects:  58% (111/191), 2.69 MiB | 5.22 MiB/s   Writing objects:  59% (113/191), 2.69 MiB | 5.22 MiB/s   Writing objects:  60% (115/191), 2.69 MiB | 5.22 MiB/s   Writing objects:  61% (117/191), 2.69 MiB | 5.22 MiB/s   Writing objects:  62% (119/191), 2.69 MiB | 5.22 MiB/s   Writing objects:  63% (121/191), 2.69 MiB | 5.22 MiB/s   Writing objects:  64% (123/191), 2.69 MiB | 5.22 MiB/s   Writing objects:  65% (125/191), 2.69 MiB | 5.22 MiB/s   Writing objects:  66% (127/191), 2.69 MiB | 5.22 MiB/s   Writing objects:  67% (128/191), 2.69 MiB | 5.22 MiB/s   Writing objects:  68% (130/191), 2.69 MiB | 5.22 MiB/s   Writing objects:  69% (132/191), 2.69 MiB | 5.22 MiB/s   Writing objects:  70% (134/191), 2.69 MiB | 5.22 MiB/s   Writing objects:  71% (136/191), 2.69 MiB | 5.22 MiB/s   Writing objects:  72% (138/191), 2.69 MiB | 5.22 MiB/s   Writing objects:  73% (140/191), 2.69 MiB | 5.22 MiB/s   Writing objects:  74% (142/191), 2.69 MiB | 5.22 MiB/s   Writing objects:  75% (144/191), 2.69 MiB | 5.22 MiB/s   Writing objects:  76% (146/191), 2.69 MiB | 5.22 MiB/s   Writing objects:  77% (148/191), 2.69 MiB | 5.22 MiB/s   Writing objects:  78% (149/191), 2.69 MiB | 5.22 MiB/s   Writing objects:  79% (151/191), 2.69 MiB | 5.22 MiB/s   Writing objects:  80% (153/191), 2.69 MiB | 5.22 MiB/s   Writing objects:  81% (155/191), 2.69 MiB | 5.22 MiB/s   Writing objects:  82% (157/191), 2.69 MiB | 5.22 MiB/s   Writing objects:  83% (159/191), 2.69 MiB | 5.22 MiB/s   Writing objects:  84% (161/191), 2.69 MiB | 5.22 MiB/s   Writing objects:  85% (163/191), 2.69 MiB | 5.22 MiB/s   Writing objects:  86% (165/191), 2.69 MiB | 5.22 MiB/s   Writing objects:  87% (167/191), 2.69 MiB | 5.22 MiB/s   Writing objects:  88% (169/191), 2.69 MiB | 5.22 MiB/s   Writing objects:  89% (170/191), 2.69 MiB | 5.22 MiB/s   Writing objects:  90% (172/191), 2.69 MiB | 5.22 MiB/s   Writing objects:  91% (174/191), 2.69 MiB | 5.22 MiB/s   Writing objects:  92% (176/191), 2.69 MiB | 5.22 MiB/s   Writing objects:  93% (178/191), 2.69 MiB | 5.22 MiB/s   Writing objects:  94% (180/191), 2.69 MiB | 5.22 MiB/s   Writing objects:  95% (182/191), 2.69 MiB | 5.22 MiB/s   Writing objects:  96% (184/191), 2.69 MiB | 5.22 MiB/s   Writing objects:  97% (186/191), 2.69 MiB | 5.22 MiB/s   Writing objects:  98% (188/191), 2.69 MiB | 5.22 MiB/s   Writing objects:  99% (190/191), 2.69 MiB | 5.22 MiB/s   Writing objects: 100% (191/191), 2.69 MiB | 5.22 MiB/s   Writing objects: 100% (191/191), 5.37 MiB | 8.07 MiB/s, done.
Total 191 (delta 43), reused 0 (delta 0)
remote: Resolving deltas:   0% (0/43)[Kremote: Resolving deltas:   9% (4/43)[Kremote: Resolving deltas:  11% (5/43)[Kremote: Resolving deltas:  13% (6/43)[Kremote: Resolving deltas:  16% (7/43)[Kremote: Resolving deltas:  18% (8/43)[Kremote: Resolving deltas:  20% (9/43)[Kremote: Resolving deltas:  23% (10/43)[Kremote: Resolving deltas:  58% (25/43)[Kremote: Resolving deltas:  65% (28/43)[Kremote: Resolving deltas:  86% (37/43)[Kremote: Resolving deltas:  90% (39/43)[Kremote: Resolving deltas: 100% (43/43)[Kremote: Resolving deltas: 100% (43/43), done.[K
To https://github.com/ivanaye/Website.git
 * [new branch]      master -> master
]0;/stor/home/iy647/Website]0;iy647@educcomp03: ~/Website[01;32miy647@educcomp03[00m:[01;34m~/Website[00m$ git add .
]0;/stor/home/iy647/Website]0;iy647@educcomp03: ~/Website[01;32miy647@educcomp03[00m:[01;34m~/Website[00m$ git commit -m "second tiem[K[Kme"
[master f9fda29] second time
 Committer: Ivana Ye <iy647@educcomp03.ccbb.utexas.edu>
Your name and email address were configured automatically based
on your username and hostname. Please check that they are accurate.
You can suppress this message by setting them explicitly. Run the
following command and follow the instructions in your editor to edit
your configuration file:

    git config --global --edit

After doing this, you may fix the identity used for this commit with:

    git commit --amend --reset-author

 10 files changed, 555 insertions(+), 10 deletions(-)
 create mode 100644 .Rproj.user/ABAAD89A/sources/prop/9B34CC3F
 create mode 100644 .Rproj.user/ABAAD89A/sources/s-d8058242/88C7E5BD-contents
]0;/stor/home/iy647/Website]0;iy647@educcomp03: ~/Website[01;32miy647@educcomp03[00m:[01;34m~/Website[00m$ git push origin master
Username for 'https://github.com': ivanaye
Password for 'https://ivanaye@github.com': 
Counting objects: 21, done.
Delta compression using up to 32 threads.
Compressing objects:   5% (1/19)   Compressing objects:  10% (2/19)   Compressing objects:  15% (3/19)   Compressing objects:  21% (4/19)   Compressing objects:  26% (5/19)   Compressing objects:  31% (6/19)   Compressing objects:  36% (7/19)   Compressing objects:  42% (8/19)   Compressing objects:  47% (9/19)   Compressing objects:  52% (10/19)   Compressing objects:  57% (11/19)   Compressing objects:  63% (12/19)   Compressing objects:  68% (13/19)   Compressing objects:  73% (14/19)   Compressing objects:  78% (15/19)   Compressing objects:  84% (16/19)   Compressing objects:  89% (17/19)   Compressing objects:  94% (18/19)   Compressing objects: 100% (19/19)   Compressing objects: 100% (19/19), done.
Writing objects:   4% (1/21)   Writing objects:   9% (2/21)   Writing objects:  14% (3/21)   Writing objects:  19% (4/21)   Writing objects:  23% (5/21)   Writing objects:  28% (6/21)   Writing objects:  33% (7/21)   Writing objects:  38% (8/21)   Writing objects:  42% (9/21)   Writing objects:  47% (10/21)   Writing objects:  52% (11/21)   Writing objects:  57% (12/21)   Writing objects:  61% (13/21)   Writing objects:  66% (14/21)   Writing objects:  71% (15/21)   Writing objects:  76% (16/21)   Writing objects:  80% (17/21)   Writing objects:  85% (18/21)   Writing objects:  90% (19/21)   Writing objects:  95% (20/21)   Writing objects: 100% (21/21)   Writing objects: 100% (21/21), 4.68 KiB | 1.56 MiB/s, done.
Total 21 (delta 11), reused 0 (delta 0)
remote: Resolving deltas:   0% (0/11)[Kremote: Resolving deltas:   9% (1/11)[Kremote: Resolving deltas:  18% (2/11)[Kremote: Resolving deltas:  27% (3/11)[Kremote: Resolving deltas:  36% (4/11)[Kremote: Resolving deltas:  45% (5/11)[Kremote: Resolving deltas:  54% (6/11)[Kremote: Resolving deltas:  63% (7/11)[Kremote: Resolving deltas:  72% (8/11)[Kremote: Resolving deltas:  81% (9/11)[Kremote: Resolving deltas:  90% (10/11)[Kremote: Resolving deltas: 100% (11/11)[Kremote: Resolving deltas: 100% (11/11), completed with 11 local objects.[K
To https://github.com/ivanaye/Website.git
   079b589..f9fda29  master -> master
]0;/stor/home/iy647/Website]0;iy647@educcomp03: ~/Website[01;32miy647@educcomp03[00m:[01;34m~/Website[00m$ git add .
]0;/stor/home/iy647/Website]0;iy647@educcomp03: ~/Website[01;32miy647@educcomp03[00m:[01;34m~/Website[00m$ git commit -m "third commit"
[master fc288eb] third commit
 Committer: Ivana Ye <iy647@educcomp03.ccbb.utexas.edu>
Your name and email address were configured automatically based
on your username and hostname. Please check that they are accurate.
You can suppress this message by setting them explicitly. Run the
following command and follow the instructions in your editor to edit
your configuration file:

    git config --global --edit

After doing this, you may fix the identity used for this commit with:

    git commit --amend --reset-author

 22 files changed, 2185 insertions(+), 30 deletions(-)
 create mode 100644 .Rproj.user/ABAAD89A/sources/prop/E28E694C
 create mode 100644 .Rproj.user/ABAAD89A/sources/prop/F65A2E2E
 create mode 100644 .Rproj.user/ABAAD89A/sources/s-d8058242/80878024-contents
 delete mode 100644 .Rproj.user/ABAAD89A/sources/s-d8058242/894C87C4
 create mode 100644 .Rproj.user/ABAAD89A/sources/s-d8058242/9ADE5022-contents
 create mode 100644 .Rproj.user/ABAAD89A/sources/s-d8058242/BF3DD6CB-contents
 create mode 100644 .Rproj.user/ABAAD89A/sources/s-d8058242/D7E53082-contents
 create mode 100644 .Rproj.user/ABAAD89A/sources/s-d8058242/EC339E9C-contents
 create mode 100644 .Rproj.user/ABAAD89A/sources/s-d8058242/FA9D7D22-contents
 create mode 100644 .Rproj.user/shared/notebooks/56C626BB-project1/1/s/chunks.json
 create mode 100644 .Rproj.user/shared/notebooks/C03A9576-project2/1/s/chunks.json
]0;/stor/home/iy647/Website]0;iy647@educcomp03: ~/Website[01;32miy647@educcomp03[00m:[01;34m~/Website[00m$ git push origin master
Username for 'https://github.com': ivanaye
Password for 'https://ivanaye@github.com': 
Counting objects: 30, done.
Delta compression using up to 32 threads.
Compressing objects:   4% (1/23)   Compressing objects:   8% (2/23)   Compressing objects:  13% (3/23)   Compressing objects:  17% (4/23)   Compressing objects:  21% (5/23)   Compressing objects:  26% (6/23)   Compressing objects:  30% (7/23)   Compressing objects:  34% (8/23)   Compressing objects:  39% (9/23)   Compressing objects:  43% (10/23)   Compressing objects:  47% (11/23)   Compressing objects:  52% (12/23)   Compressing objects:  56% (13/23)   Compressing objects:  60% (14/23)   Compressing objects:  65% (15/23)   Compressing objects:  69% (16/23)   Compressing objects:  73% (17/23)   Compressing objects:  78% (18/23)   Compressing objects:  82% (19/23)   Compressing objects:  86% (20/23)   Compressing objects:  91% (21/23)   Compressing objects:  95% (22/23)   Compressing objects: 100% (23/23)   Compressing objects: 100% (23/23), done.
Writing objects:   3% (1/30)   Writing objects:   6% (2/30)   Writing objects:  10% (3/30)   Writing objects:  13% (4/30)   Writing objects:  16% (5/30)   Writing objects:  20% (6/30)   Writing objects:  23% (7/30)   Writing objects:  26% (8/30)   Writing objects:  30% (9/30)   Writing objects:  33% (10/30)   Writing objects:  36% (11/30)   Writing objects:  40% (12/30)   Writing objects:  43% (13/30)   Writing objects:  46% (14/30)   Writing objects:  50% (15/30)   Writing objects:  53% (16/30)   Writing objects:  56% (17/30)   Writing objects:  60% (18/30)   Writing objects:  63% (19/30)   Writing objects:  66% (20/30)   Writing objects:  70% (21/30)   Writing objects:  73% (22/30)   Writing objects:  76% (23/30)   Writing objects:  80% (24/30)   Writing objects:  83% (25/30)   Writing objects:  86% (26/30)   Writing objects:  90% (27/30)   Writing objects:  93% (28/30)   Writing objects:  96% (29/30)   Writing objects: 100% (30/30)   Writing objects: 100% (30/30), 16.18 KiB | 3.24 MiB/s, done.
Total 30 (delta 9), reused 0 (delta 0)
remote: Resolving deltas:   0% (0/9)[Kremote: Resolving deltas:  11% (1/9)[Kremote: Resolving deltas:  22% (2/9)[Kremote: Resolving deltas:  33% (3/9)[Kremote: Resolving deltas:  44% (4/9)[Kremote: Resolving deltas:  55% (5/9)[Kremote: Resolving deltas:  66% (6/9)[Kremote: Resolving deltas:  77% (7/9)[Kremote: Resolving deltas:  88% (8/9)[Kremote: Resolving deltas: 100% (9/9)[Kremote: Resolving deltas: 100% (9/9), completed with 9 local objects.[K
To https://github.com/ivanaye/Website.git
   f9fda29..fc288eb  master -> master
]0;/stor/home/iy647/Website]0;iy647@educcomp03: ~/Website[01;32miy647@educcomp03[00m:[01;34m~/Website[00m$ git add .
]0;/stor/home/iy647/Website]0;iy647@educcomp03: ~/Website[01;32miy647@educcomp03[00m:[01;34m~/Website[00m$ git commit -m [K "fourth commit"
[master 9e1e63b] fourth commit
 Committer: Ivana Ye <iy647@educcomp03.ccbb.utexas.edu>
Your name and email address were configured automatically based
on your username and hostname. Please check that they are accurate.
You can suppress this message by setting them explicitly. Run the
following command and follow the instructions in your editor to edit
your configuration file:

    git config --global --edit

After doing this, you may fix the identity used for this commit with:

    git commit --amend --reset-author

 13 files changed, 1236 insertions(+), 40 deletions(-)
 create mode 100644 .Rproj.user/ABAAD89A/sources/s-d8058242/59CA2B8-contents
 create mode 100644 .Rproj.user/ABAAD89A/sources/s-d8058242/DEEE1BD7-contents
 rewrite public/project1_files/figure-html/unnamed-chunk-7-1.png (96%)
 rewrite static/project1_files/figure-html/unnamed-chunk-7-1.png (96%)
]0;/stor/home/iy647/Website]0;iy647@educcomp03: ~/Website[01;32miy647@educcomp03[00m:[01;34m~/Website[00m$ git push origin master
Username for 'https://github.com': Acer#7816         ivanaye
Password for 'https://ivanaye@github.com': 
Counting objects: 22, done.
Delta compression using up to 32 threads.
Compressing objects:   5% (1/19)   Compressing objects:  10% (2/19)   Compressing objects:  15% (3/19)   Compressing objects:  21% (4/19)   Compressing objects:  26% (5/19)   Compressing objects:  31% (6/19)   Compressing objects:  36% (7/19)   Compressing objects:  42% (8/19)   Compressing objects:  47% (9/19)   Compressing objects:  52% (10/19)   Compressing objects:  57% (11/19)   Compressing objects:  63% (12/19)   Compressing objects:  68% (13/19)   Compressing objects:  73% (14/19)   Compressing objects:  78% (15/19)   Compressing objects:  84% (16/19)   Compressing objects:  89% (17/19)   Compressing objects:  94% (18/19)   Compressing objects: 100% (19/19)   Compressing objects: 100% (19/19), done.
Writing objects:   4% (1/22)   Writing objects:   9% (2/22)   Writing objects:  13% (3/22)   Writing objects:  18% (4/22)   Writing objects:  22% (5/22)   Writing objects:  27% (6/22)   Writing objects:  31% (7/22)   Writing objects:  36% (8/22)   Writing objects:  40% (9/22)   Writing objects:  45% (10/22)   Writing objects:  50% (11/22)   Writing objects:  54% (12/22)   Writing objects:  59% (13/22)   Writing objects:  63% (14/22)   Writing objects:  68% (15/22)   Writing objects:  72% (16/22)   Writing objects:  77% (17/22)   Writing objects:  81% (18/22)   Writing objects:  86% (19/22)   Writing objects:  90% (20/22)   Writing objects:  95% (21/22)   Writing objects: 100% (22/22)   Writing objects: 100% (22/22), 43.04 KiB | 6.15 MiB/s, done.
Total 22 (delta 10), reused 0 (delta 0)
remote: Resolving deltas:   0% (0/10)[Kremote: Resolving deltas:  10% (1/10)[Kremote: Resolving deltas:  20% (2/10)[Kremote: Resolving deltas:  30% (3/10)[Kremote: Resolving deltas:  40% (4/10)[Kremote: Resolving deltas:  50% (5/10)[Kremote: Resolving deltas:  60% (6/10)[Kremote: Resolving deltas:  70% (7/10)[Kremote: Resolving deltas:  80% (8/10)[Kremote: Resolving deltas:  90% (9/10)[Kremote: Resolving deltas: 100% (10/10)[Kremote: Resolving deltas: 100% (10/10), completed with 10 local objects.[K
To https://github.com/ivanaye/Website.git
   fc288eb..9e1e63b  master -> master
]0;/stor/home/iy647/Website]0;iy647@educcomp03: ~/Website[01;32miy647@educcomp03[00m:[01;34m~/Website[00m$ f[Kgit add .
]0;/stor/home/iy647/Website]0;iy647@educcomp03: ~/Website[01;32miy647@educcomp03[00m:[01;34m~/Website[00m$ git commit -m [K "fourth commit"
[master c7fc55f] fourth commit
 Committer: Ivana Ye <iy647@educcomp03.ccbb.utexas.edu>
Your name and email address were configured automatically based
on your username and hostname. Please check that they are accurate.
You can suppress this message by setting them explicitly. Run the
following command and follow the instructions in your editor to edit
your configuration file:

    git config --global --edit

After doing this, you may fix the identity used for this commit with:

    git commit --amend --reset-author

 11 files changed, 60 insertions(+), 7 deletions(-)
 create mode 100644 .gitignore
 create mode 100644 content/resume.pdf
 create mode 100644 content/resume.rmd
]0;/stor/home/iy647/Website]0;iy647@educcomp03: ~/Website[01;32miy647@educcomp03[00m:[01;34m~/Website[00m$ git piu[K[Kush origin master
Username for 'https://github.com': ivanaye
Password for 'https://ivanaye@github.com': 
Counting objects: 21, done.
Delta compression using up to 32 threads.
Compressing objects:   5% (1/18)   Compressing objects:  11% (2/18)   Compressing objects:  16% (3/18)   Compressing objects:  22% (4/18)   Compressing objects:  27% (5/18)   Compressing objects:  33% (6/18)   Compressing objects:  38% (7/18)   Compressing objects:  44% (8/18)   Compressing objects:  50% (9/18)   Compressing objects:  55% (10/18)   Compressing objects:  61% (11/18)   Compressing objects:  66% (12/18)   Compressing objects:  72% (13/18)   Compressing objects:  77% (14/18)   Compressing objects:  83% (15/18)   Compressing objects:  88% (16/18)   Compressing objects:  94% (17/18)   Compressing objects: 100% (18/18)   Compressing objects: 100% (18/18), done.
Writing objects:   4% (1/21)   Writing objects:   9% (2/21)   Writing objects:  14% (3/21)   Writing objects:  19% (4/21)   Writing objects:  23% (5/21)   Writing objects:  28% (6/21)   Writing objects:  33% (7/21)   Writing objects:  38% (8/21)   Writing objects:  42% (9/21)   Writing objects:  47% (10/21)   Writing objects:  52% (11/21)   Writing objects:  57% (12/21)   Writing objects:  61% (13/21)   Writing objects:  66% (14/21)   Writing objects:  71% (15/21)   Writing objects:  76% (16/21)   Writing objects:  80% (17/21)   Writing objects:  85% (18/21)   Writing objects:  90% (19/21)   Writing objects:  95% (20/21)   Writing objects: 100% (21/21)   Writing objects: 100% (21/21), 2.31 KiB | 1.15 MiB/s, done.
Total 21 (delta 10), reused 0 (delta 0)
remote: Resolving deltas:   0% (0/10)[Kremote: Resolving deltas:  10% (1/10)[Kremote: Resolving deltas:  20% (2/10)[Kremote: Resolving deltas:  30% (3/10)[Kremote: Resolving deltas:  40% (4/10)[Kremote: Resolving deltas:  50% (5/10)[Kremote: Resolving deltas:  60% (6/10)[Kremote: Resolving deltas:  70% (7/10)[Kremote: Resolving deltas:  80% (8/10)[Kremote: Resolving deltas:  90% (9/10)[Kremote: Resolving deltas: 100% (10/10)[Kremote: Resolving deltas: 100% (10/10), completed with 10 local objects.[K
To https://github.com/ivanaye/Website.git
   9e1e63b..c7fc55f  master -> master
]0;/stor/home/iy647/Website]0;iy647@educcomp03: ~/Website[01;32miy647@educcomp03[00m:[01;34m~/Website[00m$ git add .
]0;/stor/home/iy647/Website]0;iy647@educcomp03: ~/Website[01;32miy647@educcomp03[00m:[01;34m~/Website[00m$ git commit -m "fifth commit"
[master 0a60c29] fifth commit
 Committer: Ivana Ye <iy647@educcomp03.ccbb.utexas.edu>
Your name and email address were configured automatically based
on your username and hostname. Please check that they are accurate.
You can suppress this message by setting them explicitly. Run the
following command and follow the instructions in your editor to edit
your configuration file:

    git config --global --edit

After doing this, you may fix the identity used for this commit with:

    git commit --amend --reset-author

 11 files changed, 46 insertions(+), 15 deletions(-)
]0;/stor/home/iy647/Website]0;iy647@educcomp03: ~/Website[01;32miy647@educcomp03[00m:[01;34m~/Website[00m$ git push origin master
Username for 'https://github.com': ivanaye
Password for 'https://ivanaye@github.com': 
Counting objects: 19, done.
Delta compression using up to 32 threads.
Compressing objects:   5% (1/19)   Compressing objects:  10% (2/19)   Compressing objects:  15% (3/19)   Compressing objects:  21% (4/19)   Compressing objects:  26% (5/19)   Compressing objects:  31% (6/19)   Compressing objects:  36% (7/19)   Compressing objects:  42% (8/19)   Compressing objects:  47% (9/19)   Compressing objects:  52% (10/19)   Compressing objects:  57% (11/19)   Compressing objects:  63% (12/19)   Compressing objects:  68% (13/19)   Compressing objects:  73% (14/19)   Compressing objects:  78% (15/19)   Compressing objects:  84% (16/19)   Compressing objects:  89% (17/19)   Compressing objects:  94% (18/19)   Compressing objects: 100% (19/19)   Compressing objects: 100% (19/19), done.
Writing objects:   5% (1/19)   Writing objects:  10% (2/19)   Writing objects:  15% (3/19)   Writing objects:  21% (4/19)   Writing objects:  26% (5/19)   Writing objects:  31% (6/19)   Writing objects:  36% (7/19)   Writing objects:  42% (8/19)   Writing objects:  47% (9/19)   Writing objects:  52% (10/19)   Writing objects:  57% (11/19)   Writing objects:  63% (12/19)   Writing objects:  68% (13/19)   Writing objects:  73% (14/19)   Writing objects:  78% (15/19)   Writing objects:  84% (16/19)   Writing objects:  89% (17/19)   Writing objects:  94% (18/19)   Writing objects: 100% (19/19)   Writing objects: 100% (19/19), 1.75 KiB | 894.00 KiB/s, done.
Total 19 (delta 11), reused 0 (delta 0)
remote: Resolving deltas:   0% (0/11)[Kremote: Resolving deltas:   9% (1/11)[Kremote: Resolving deltas:  18% (2/11)[Kremote: Resolving deltas:  27% (3/11)[Kremote: Resolving deltas:  36% (4/11)[Kremote: Resolving deltas:  45% (5/11)[Kremote: Resolving deltas:  54% (6/11)[Kremote: Resolving deltas:  63% (7/11)[Kremote: Resolving deltas:  72% (8/11)[Kremote: Resolving deltas:  81% (9/11)[Kremote: Resolving deltas:  90% (10/11)[Kremote: Resolving deltas: 100% (11/11)[Kremote: Resolving deltas: 100% (11/11), completed with 11 local objects.[K
To https://github.com/ivanaye/Website.git
   c7fc55f..0a60c29  master -> master
]0;/stor/home/iy647/Website]0;iy647@educcomp03: ~/Website[01;32miy647@educcomp03[00m:[01;34m~/Website[00m$ git add .
]0;/stor/home/iy647/Website]0;iy647@educcomp03: ~/Website[01;32miy647@educcomp03[00m:[01;34m~/Website[00m$ git commit -m "sixth commit"
[master e676ef5] sixth commit
 Committer: Ivana Ye <iy647@educcomp03.ccbb.utexas.edu>
Your name and email address were configured automatically based
on your username and hostname. Please check that they are accurate.
You can suppress this message by setting them explicitly. Run the
following command and follow the instructions in your editor to edit
your configuration file:

    git config --global --edit

After doing this, you may fix the identity used for this commit with:

    git commit --amend --reset-author

 6 files changed, 41 insertions(+), 10 deletions(-)
]0;/stor/home/iy647/Website]0;iy647@educcomp03: ~/Website[01;32miy647@educcomp03[00m:[01;34m~/Website[00m$ git push origin master
Username for 'https://github.com': ivanaye
Password for 'https://ivanaye@github.com': 
Counting objects: 15, done.
Delta compression using up to 32 threads.
Compressing objects:   6% (1/15)   Compressing objects:  13% (2/15)   Compressing objects:  20% (3/15)   Compressing objects:  26% (4/15)   Compressing objects:  33% (5/15)   Compressing objects:  40% (6/15)   Compressing objects:  46% (7/15)   Compressing objects:  53% (8/15)   Compressing objects:  60% (9/15)   Compressing objects:  66% (10/15)   Compressing objects:  73% (11/15)   Compressing objects:  80% (12/15)   Compressing objects:  86% (13/15)   Compressing objects:  93% (14/15)   Compressing objects: 100% (15/15)   Compressing objects: 100% (15/15), done.
Writing objects:   6% (1/15)   Writing objects:  13% (2/15)   Writing objects:  20% (3/15)   Writing objects:  26% (4/15)   Writing objects:  33% (5/15)   Writing objects:  40% (6/15)   Writing objects:  46% (7/15)   Writing objects:  53% (8/15)   Writing objects:  60% (9/15)   Writing objects:  66% (10/15)   Writing objects:  73% (11/15)   Writing objects:  80% (12/15)   Writing objects:  86% (13/15)   Writing objects:  93% (14/15)   Writing objects: 100% (15/15)   Writing objects: 100% (15/15), 1.55 KiB | 796.00 KiB/s, done.
Total 15 (delta 9), reused 0 (delta 0)
remote: Resolving deltas:   0% (0/9)[Kremote: Resolving deltas:  11% (1/9)[Kremote: Resolving deltas:  22% (2/9)[Kremote: Resolving deltas:  33% (3/9)[Kremote: Resolving deltas:  44% (4/9)[Kremote: Resolving deltas:  55% (5/9)[Kremote: Resolving deltas:  66% (6/9)[Kremote: Resolving deltas:  77% (7/9)[Kremote: Resolving deltas:  88% (8/9)[Kremote: Resolving deltas: 100% (9/9)[Kremote: Resolving deltas: 100% (9/9), completed with 9 local objects.[K
To https://github.com/ivanaye/Website.git
   0a60c29..e676ef5  master -> master
]0;/stor/home/iy647/Website]0;iy647@educcomp03: ~/Website[01;32miy647@educcomp03[00m:[01;34m~/Website[00m$ git add .
]0;/stor/home/iy647/Website]0;iy647@educcomp03: ~/Website[01;32miy647@educcomp03[00m:[01;34m~/Website[00m$ git commit -m "seventh commit"
[master da5f06b] seventh commit
 Committer: Ivana Ye <iy647@educcomp03.ccbb.utexas.edu>
Your name and email address were configured automatically based
on your username and hostname. Please check that they are accurate.
You can suppress this message by setting them explicitly. Run the
following command and follow the instructions in your editor to edit
your configuration file:

    git config --global --edit

After doing this, you may fix the identity used for this commit with:

    git commit --amend --reset-author

 6 files changed, 33 insertions(+), 5 deletions(-)
]0;/stor/home/iy647/Website]0;iy647@educcomp03: ~/Website[01;32miy647@educcomp03[00m:[01;34m~/Website[00m$ git push origin master
Username for 'https://github.com': ivanaye
Password for 'https://ivanaye@github.com': 
Counting objects: 15, done.
Delta compression using up to 32 threads.
Compressing objects:   6% (1/15)   Compressing objects:  13% (2/15)   Compressing objects:  20% (3/15)   Compressing objects:  26% (4/15)   Compressing objects:  33% (5/15)   Compressing objects:  40% (6/15)   Compressing objects:  46% (7/15)   Compressing objects:  53% (8/15)   Compressing objects:  60% (9/15)   Compressing objects:  66% (10/15)   Compressing objects:  73% (11/15)   Compressing objects:  80% (12/15)   Compressing objects:  86% (13/15)   Compressing objects:  93% (14/15)   Compressing objects: 100% (15/15)   Compressing objects: 100% (15/15), done.
Writing objects:   6% (1/15)   Writing objects:  13% (2/15)   Writing objects:  20% (3/15)   Writing objects:  26% (4/15)   Writing objects:  33% (5/15)   Writing objects:  40% (6/15)   Writing objects:  46% (7/15)   Writing objects:  53% (8/15)   Writing objects:  60% (9/15)   Writing objects:  66% (10/15)   Writing objects:  73% (11/15)   Writing objects:  80% (12/15)   Writing objects:  86% (13/15)   Writing objects:  93% (14/15)   Writing objects: 100% (15/15)   Writing objects: 100% (15/15), 1.44 KiB | 736.00 KiB/s, done.
Total 15 (delta 10), reused 0 (delta 0)
remote: Resolving deltas:   0% (0/10)[Kremote: Resolving deltas:  10% (1/10)[Kremote: Resolving deltas:  20% (2/10)[Kremote: Resolving deltas:  30% (3/10)[Kremote: Resolving deltas:  40% (4/10)[Kremote: Resolving deltas:  50% (5/10)[Kremote: Resolving deltas:  60% (6/10)[Kremote: Resolving deltas:  70% (7/10)[Kremote: Resolving deltas:  80% (8/10)[Kremote: Resolving deltas:  90% (9/10)[Kremote: Resolving deltas: 100% (10/10)[Kremote: Resolving deltas: 100% (10/10), completed with 10 local objects.[K
To https://github.com/ivanaye/Website.git
   e676ef5..da5f06b  master -> master
]0;/stor/home/iy647/Website]0;iy647@educcomp03: ~/Website[01;32miy647@educcomp03[00m:[01;34m~/Website[00m$ git add .
]0;/stor/home/iy647/Website]0;iy647@educcomp03: ~/Website[01;32miy647@educcomp03[00m:[01;34m~/Website[00m$ git commit -m "eight commit"
[master 816d7d3] eight commit
 Committer: Ivana Ye <iy647@educcomp03.ccbb.utexas.edu>
Your name and email address were configured automatically based
on your username and hostname. Please check that they are accurate.
You can suppress this message by setting them explicitly. Run the
following command and follow the instructions in your editor to edit
your configuration file:

    git config --global --edit

After doing this, you may fix the identity used for this commit with:

    git commit --amend --reset-author

 1 file changed, 28 insertions(+)
]0;/stor/home/iy647/Website]0;iy647@educcomp03: ~/Website[01;32miy647@educcomp03[00m:[01;34m~/Website[00m$ git push origin master
Username for 'https://github.com': ivaany   naye
Password for 'https://ivanaye@github.com': 
Counting objects: 6, done.
Delta compression using up to 32 threads.
Compressing objects:  16% (1/6)   Compressing objects:  33% (2/6)   Compressing objects:  50% (3/6)   Compressing objects:  66% (4/6)   Compressing objects:  83% (5/6)   Compressing objects: 100% (6/6)   Compressing objects: 100% (6/6), done.
Writing objects:  16% (1/6)   Writing objects:  33% (2/6)   Writing objects:  50% (3/6)   Writing objects:  66% (4/6)   Writing objects:  83% (5/6)   Writing objects: 100% (6/6)   Writing objects: 100% (6/6), 686 bytes | 686.00 KiB/s, done.
Total 6 (delta 2), reused 0 (delta 0)
remote: Resolving deltas:   0% (0/2)[Kremote: Resolving deltas:  50% (1/2)[Kremote: Resolving deltas: 100% (2/2)[Kremote: Resolving deltas: 100% (2/2), completed with 2 local objects.[K
To https://github.com/ivanaye/Website.git
   da5f06b..816d7d3  master -> master

[K]0;iy647@educcomp03: ~/Website[01;32miy647@educcomp03[00m:[01;34m~/Website[00m$ git add .
]0;/stor/home/iy647/Website]0;iy647@educcomp03: ~/Website[01;32miy647@educcomp03[00m:[01;34m~/Website[00m$ git commit -m "ninth commit"
[master c88ca0f] ninth commit
 Committer: Ivana Ye <iy647@educcomp03.ccbb.utexas.edu>
Your name and email address were configured automatically based
on your username and hostname. Please check that they are accurate.
You can suppress this message by setting them explicitly. Run the
following command and follow the instructions in your editor to edit
your configuration file:

    git config --global --edit

After doing this, you may fix the identity used for this commit with:

    git commit --amend --reset-author

 23 files changed, 45 insertions(+), 4748 deletions(-)
 rewrite .Rproj.user/ABAAD89A/console06/INDEX001 (100%)
 delete mode 100644 .Rproj.user/ABAAD89A/sources/s-d8058242/59CA2B8-contents
 delete mode 100644 .Rproj.user/ABAAD89A/sources/s-d8058242/80878024-contents
 delete mode 100644 .Rproj.user/ABAAD89A/sources/s-d8058242/88C7E5BD-contents
 delete mode 100644 .Rproj.user/ABAAD89A/sources/s-d8058242/894C87C4-contents
 delete mode 100644 .Rproj.user/ABAAD89A/sources/s-d8058242/9ADE5022-contents
 delete mode 100644 .Rproj.user/ABAAD89A/sources/s-d8058242/BD124AB1-contents
 delete mode 100644 .Rproj.user/ABAAD89A/sources/s-d8058242/BF3DD6CB-contents
 delete mode 100644 .Rproj.user/ABAAD89A/sources/s-d8058242/D7E53082-contents
 delete mode 100644 .Rproj.user/ABAAD89A/sources/s-d8058242/DEEE1BD7-contents
 delete mode 100644 .Rproj.user/ABAAD89A/sources/s-d8058242/E7A3F6D8-contents
 delete mode 100644 .Rproj.user/ABAAD89A/sources/s-d8058242/EC339E9C-contents
 delete mode 100644 .Rproj.user/ABAAD89A/sources/s-d8058242/FA9D7D22-contents
]0;/stor/home/iy647/Website]0;iy647@educcomp03: ~/Website[01;32miy647@educcomp03[00m:[01;34m~/Website[00m$ git push origin master
Username for 'https://github.com': ivanaye
Password for 'https://ivanaye@github.com': 
Counting objects: 22, done.
Delta compression using up to 32 threads.
Compressing objects:   5% (1/20)   Compressing objects:  10% (2/20)   Compressing objects:  15% (3/20)   Compressing objects:  20% (4/20)   Compressing objects:  25% (5/20)   Compressing objects:  30% (6/20)   Compressing objects:  35% (7/20)   Compressing objects:  40% (8/20)   Compressing objects:  45% (9/20)   Compressing objects:  50% (10/20)   Compressing objects:  55% (11/20)   Compressing objects:  60% (12/20)   Compressing objects:  65% (13/20)   Compressing objects:  70% (14/20)   Compressing objects:  75% (15/20)   Compressing objects:  80% (16/20)   Compressing objects:  85% (17/20)   Compressing objects:  90% (18/20)   Compressing objects:  95% (19/20)   Compressing objects: 100% (20/20)   Compressing objects: 100% (20/20), done.
Writing objects:   4% (1/22)   Writing objects:   9% (2/22)   Writing objects:  13% (3/22)   Writing objects:  18% (4/22)   Writing objects:  22% (5/22)   Writing objects:  27% (6/22)   Writing objects:  31% (7/22)   Writing objects:  36% (8/22)   Writing objects:  40% (9/22)   Writing objects:  45% (10/22)   Writing objects:  50% (11/22)   Writing objects:  54% (12/22)   Writing objects:  59% (13/22)   Writing objects:  63% (14/22)   Writing objects:  68% (15/22)   Writing objects:  72% (16/22)   Writing objects:  77% (17/22)   Writing objects:  81% (18/22)   Writing objects:  86% (19/22)   Writing objects:  90% (20/22)   Writing objects:  95% (21/22)   Writing objects: 100% (22/22)   Writing objects: 100% (22/22), 1.97 KiB | 1010.00 KiB/s, done.
Total 22 (delta 14), reused 0 (delta 0)
remote: Resolving deltas:   0% (0/14)[Kremote: Resolving deltas:   7% (1/14)[Kremote: Resolving deltas:  14% (2/14)[Kremote: Resolving deltas:  21% (3/14)[Kremote: Resolving deltas:  28% (4/14)[Kremote: Resolving deltas:  35% (5/14)[Kremote: Resolving deltas:  42% (6/14)[Kremote: Resolving deltas:  50% (7/14)[Kremote: Resolving deltas:  57% (8/14)[Kremote: Resolving deltas:  64% (9/14)[Kremote: Resolving deltas:  71% (10/14)[Kremote: Resolving deltas:  78% (11/14)[Kremote: Resolving deltas:  85% (12/14)[Kremote: Resolving deltas:  92% (13/14)[Kremote: Resolving deltas: 100% (14/14)[Kremote: Resolving deltas: 100% (14/14), completed with 14 local objects.[K
To https://github.com/ivanaye/Website.git
   816d7d3..c88ca0f  master -> master
git add .
